C:\Users\mansi\AppData\Roaming\uv\python\cpython-3.12.13-windows-x86_64-none\python.exe: No module named pytest
